08:50:51 **** Incremental Build of configuration Debug for project da ****
make pre-build main-build 
a9-linaro-pre-build-step
 
Building file: ../src/dma_da.c
Invoking: ARM v7 gcc compiler
arm-none-eabi-gcc -Wall -O0 -g3 -c -fmessage-length=0 -MT"src/dma_da.o" -mcpu=cortex-a9 -mfpu=vfpv3 -mfloat-abi=hard -I../../da_bsp/ps7_cortexa9_0/include -MMD -MP -MF"src/dma_da.d" -MT"src/dma_da.o" -o "src/dma_da.o" "../src/dma_da.c"
Finished building: ../src/dma_da.c
 
Building target: da.elf
Invoking: ARM v7 gcc linker
arm-none-eabi-gcc -mcpu=cortex-a9 -mfpu=vfpv3 -mfloat-abi=hard -Wl,-build-id=none -specs=Xilinx.spec -Wl,-T -Wl,../src/lscript.ld -L../../da_bsp/ps7_cortexa9_0/lib -o "da.elf"  ./src/dma_da.o ./src/wave.o   -lm -Wl,--start-group,-lxil,-lgcc,-lc,--end-group
Finished building target: da.elf
 
Invoking: ARM v7 Print Size
arm-none-eabi-size da.elf  |tee "da.elf.size"
   text	   data	    bss	    dec	    hex	filename
  53332	   3040	  49216	 105588	  19c74	da.elf
Finished building: da.elf.size
 

08:50:51 Build Finished (took 225ms)

